// Jest Snapshot v1, https://goo.gl/fbAQLP

exports[`<Alert /> should have correct layout 1`] = `
<div
  className="alert alert-info alert-show"
>
  <h2>
    Test alert 1
  </h2>
  <p>
    this is test text for Alert
  </p>
</div>
`;
